[bestwpware.com/html/tf/edumim/index04b9.html]
[backblue.gif]
[fade.gif]
[index.html]
[bestwpware.com/html/tf/edumim/assets/images/logo/favicon.svg]
[bestwpware.com/html/tf/edumim/assets/css/rt-plugins.css]
[bestwpware.com/html/tf/edumim/assets/css/app.css]
[bestwpware.com/html/tf/edumim/index.html]
[bestwpware.com/html/tf/edumim/assets/images/logo/logo.svg]
[bestwpware.com/html/tf/edumim/index2.html]
[bestwpware.com/html/tf/edumim/index3.html]
[bestwpware.com/html/tf/edumim/about.html]
[bestwpware.com/html/tf/edumim/about2.html]
[bestwpware.com/html/tf/edumim/instructor.html]
[bestwpware.com/html/tf/edumim/instructor2.html]
[bestwpware.com/html/tf/edumim/instructor-details.html]
[bestwpware.com/html/tf/edumim/event.html]
[bestwpware.com/html/tf/edumim/event-single.html]
[bestwpware.com/html/tf/edumim/404.html]
[bestwpware.com/html/tf/edumim/courses.html]
[bestwpware.com/html/tf/edumim/courses-sidebar.html]
[bestwpware.com/html/tf/edumim/single-course.html]
[bestwpware.com/html/tf/edumim/blog.html]
[bestwpware.com/html/tf/edumim/blog-full.html]
[bestwpware.com/html/tf/edumim/blog-standard.html]
[bestwpware.com/html/tf/edumim/blog-single.html]
[bestwpware.com/html/tf/edumim/contact.html]
[bestwpware.com/html/tf/edumim/assets/images/icon/fb.svg]
[bestwpware.com/html/tf/edumim/assets/images/icon/tw.svg]
[bestwpware.com/html/tf/edumim/assets/images/icon/pn.svg]
[bestwpware.com/html/tf/edumim/assets/images/icon/ins.svg]
[bestwpware.com/html/tf/edumim/assets/images/icon/mail.svg]
[bestwpware.com/html/tf/edumim/assets/images/banner/man1.png]
[bestwpware.com/html/tf/edumim/assets/images/all-img/about1.png]
[bestwpware.com/html/tf/edumim/assets/images/svg/light.svg]
[bestwpware.com/html/tf/edumim/assets/images/svg/target.svg]
[bestwpware.com/html/tf/edumim/assets/images/all-img/brands/1.svg]
[bestwpware.com/html/tf/edumim/assets/images/all-img/brands/2.svg]
[bestwpware.com/html/tf/edumim/assets/images/all-img/brands/3.svg]
[bestwpware.com/html/tf/edumim/assets/images/all-img/brands/4.svg]
[bestwpware.com/html/tf/edumim/assets/images/all-img/brands/5.svg]
[bestwpware.com/html/tf/edumim/assets/images/all-img/c1.png]
[bestwpware.com/html/tf/edumim/assets/images/svg/file.svg]
[bestwpware.com/html/tf/edumim/assets/images/svg/clock.svg]
[bestwpware.com/html/tf/edumim/assets/images/svg/star.svg]
[bestwpware.com/html/tf/edumim/assets/images/all-img/c2.png]
[bestwpware.com/html/tf/edumim/assets/images/all-img/c3.png]
[bestwpware.com/html/tf/edumim/assets/images/all-img/c4.png]
[bestwpware.com/html/tf/edumim/assets/images/all-img/c5.png]
[bestwpware.com/html/tf/edumim/assets/images/all-img/c6.png]
[bestwpware.com/html/tf/edumim/assets/images/svg/ok.svg]
[bestwpware.com/html/tf/edumim/assets/images/all-img/about2.png]
[bestwpware.com/html/tf/edumim/assets/images/svg/big-mail.svg]
[bestwpware.com/html/tf/edumim/assets/images/icon/mail-white.svg]
[bestwpware.com/html/tf/edumim/assets/images/icon/t1.svg]
[bestwpware.com/html/tf/edumim/assets/images/icon/t2.svg]
[bestwpware.com/html/tf/edumim/assets/images/icon/t3.svg]
[bestwpware.com/html/tf/edumim/assets/images/icon/t4.svg]
[bestwpware.com/html/tf/edumim/assets/images/icon/t5.svg]
[bestwpware.com/html/tf/edumim/assets/images/icon/t6.svg]
[bestwpware.com/html/tf/edumim/assets/images/icon/t7.svg]
[bestwpware.com/html/tf/edumim/assets/images/icon/t8.svg]
[bestwpware.com/html/tf/edumim/assets/images/all-img/testi-left.png]
[bestwpware.com/html/tf/edumim/assets/images/all-img/team1.png]
[bestwpware.com/html/tf/edumim/assets/images/all-img/team2.png]
[bestwpware.com/html/tf/edumim/assets/images/all-img/team3.png]
[bestwpware.com/html/tf/edumim/assets/images/all-img/team4.png]
[bestwpware.com/html/tf/edumim/assets/images/all-img/blog-1.png]
[bestwpware.com/html/tf/edumim/assets/images/svg/admin.svg]
[bestwpware.com/html/tf/edumim/assets/images/svg/calender.svg]
[bestwpware.com/html/tf/edumim/assets/images/all-img/blog-2.png]
[bestwpware.com/html/tf/edumim/assets/images/all-img/blog-3.png]
[bestwpware.com/html/tf/edumim/assets/images/logo/footer-logo.svg]
[bestwpware.com/html/tf/edumim/assets/js/popper.min.js]
[bestwpware.com/html/tf/edumim/assets/js/jquery-3.6.0.min.js]
[bestwpware.com/html/tf/edumim/index04b9.html]
[bestwpware.com/html/tf/edumim/assets/js/app.js]
[bestwpware.com/html/tf/edumim/assets/js/rt-plugins.js]
[bestwpware.com/html/tf/edumim/assets/images/logo/favicon.html]
[bestwpware.com/html/tf/edumim/assets/css/rt-plugins.css]
[bestwpware.com/html/tf/edumim/assets/fonts/Gilroy-Thin.ttf]
[bestwpware.com/html/tf/edumim/assets/fonts/Gilroy-Thin.woff]
[bestwpware.com/html/tf/edumim/assets/fonts/Gilroy-Regular.ttf]
[bestwpware.com/html/tf/edumim/assets/fonts/Gilroy-Regular.woff]
[bestwpware.com/html/tf/edumim/assets/fonts/Gilroy-Medium.ttf]
[bestwpware.com/html/tf/edumim/assets/fonts/Gilroy-Medium.woff]
[bestwpware.com/html/tf/edumim/assets/fonts/Gilroy-SemiBold.ttf]
[bestwpware.com/html/tf/edumim/assets/fonts/Gilroy-SemiBold.woff]
[bestwpware.com/html/tf/edumim/assets/fonts/Gilroy-Bold.ttf]
[bestwpware.com/html/tf/edumim/assets/fonts/Gilroy-Bold.woff]
[bestwpware.com/html/tf/edumim/assets/images/svg/line-shape.svg]
[bestwpware.com/html/tf/edumim/assets/images/svg/mini-shape.svg]
[bestwpware.com/html/tf/edumim/assets/images/all-img/404-bg.png]
[bestwpware.com/html/tf/edumim/assets/images/all-img/footer-bg-1.png]
[bestwpware.com/html/tf/edumim/assets/images/all-img/bred.png]
[bestwpware.com/html/tf/edumim/assets/images/all-img/section-bg-1.png]
[bestwpware.com/html/tf/edumim/assets/images/all-img/section-bg-16.png]
[bestwpware.com/html/tf/edumim/assets/images/all-img/section-bg-15.png]
[bestwpware.com/html/tf/edumim/assets/images/all-img/section-bg-2.png]
[bestwpware.com/html/tf/edumim/assets/images/all-img/section-bg-14.png]
[bestwpware.com/html/tf/edumim/assets/images/all-img/bg-ins-1.png]
[bestwpware.com/html/tf/edumim/assets/images/all-img/bg-ins-2.png]
[bestwpware.com/html/tf/edumim/assets/images/all-img/section-bg-7.png]
[bestwpware.com/html/tf/edumim/assets/images/all-img/section-bg-3.png]
[bestwpware.com/html/tf/edumim/assets/images/all-img/bb.png]
[bestwpware.com/html/tf/edumim/assets/images/banner/1.png]
[bestwpware.com/html/tf/edumim/assets/images/banner/shape.svg]
[bestwpware.com/html/tf/edumim/assets/images/all-img/section-bg-5.png]
[bestwpware.com/html/tf/edumim/assets/images/banner/2.png]
[bestwpware.com/html/tf/edumim/assets/images/all-img/section-bg-6.png]
[bestwpware.com/html/tf/edumim/assets/images/all-img/section-bg-8.png]
[bestwpware.com/html/tf/edumim/assets/images/all-img/section-bg-9.png]
[bestwpware.com/html/tf/edumim/assets/images/all-img/section-bg-10.png]
[bestwpware.com/html/tf/edumim/assets/images/banner/3.png]
[bestwpware.com/html/tf/edumim/assets/images/all-img/section-bg-11.png]
[bestwpware.com/html/tf/edumim/assets/images/all-img/section-bg-12.png]
[bestwpware.com/html/tf/edumim/assets/images/all-img/section-bg-13.png]
[bestwpware.com/html/tf/edumim/assets/css/app.css]
[bestwpware.com/html/tf/edumim/assets/images/all-img/insbg.png]
[bestwpware.com/html/tf/edumim/index.html]
[bestwpware.com/html/tf/edumim/assets/images/logo/logo.svg]
[bestwpware.com/html/tf/edumim/assets/images/social/wfb.svg]
[bestwpware.com/html/tf/edumim/assets/images/social/wt.svg]
[bestwpware.com/html/tf/edumim/assets/images/social/w-i.svg]
[bestwpware.com/html/tf/edumim/assets/images/social/w-ins.svg]
[bestwpware.com/html/tf/edumim/assets/images/svg/search.svg]
[bestwpware.com/html/tf/edumim/assets/images/banner/man2.png]
[bestwpware.com/html/tf/edumim/assets/images/icon/ct1.svg]
[bestwpware.com/html/tf/edumim/assets/images/icon/ct2.svg]
[bestwpware.com/html/tf/edumim/assets/images/icon/ct3.svg]
[bestwpware.com/html/tf/edumim/assets/images/icon/ct4.svg]
[bestwpware.com/html/tf/edumim/assets/images/icon/ct5.svg]
[bestwpware.com/html/tf/edumim/assets/images/icon/ct6.svg]
[bestwpware.com/html/tf/edumim/assets/images/all-img/about3.png]
[bestwpware.com/html/tf/edumim/assets/images/svg/review.svg]
[bestwpware.com/html/tf/edumim/assets/images/svg/file2.svg]
[bestwpware.com/html/tf/edumim/assets/images/svg/user2.svg]
[bestwpware.com/html/tf/edumim/assets/images/icon/counter-1.svg]
[bestwpware.com/html/tf/edumim/assets/images/icon/counter-2.svg]
[bestwpware.com/html/tf/edumim/assets/images/icon/counter-3.svg]
[bestwpware.com/html/tf/edumim/assets/images/icon/counter-4.svg]
[bestwpware.com/html/tf/edumim/assets/images/all-img/video.png]
[bestwpware.com/html/tf/edumim/assets/images/svg/mini-target.svg]
[bestwpware.com/html/tf/edumim/assets/images/svg/mini-heart.svg]
[bestwpware.com/html/tf/edumim/assets/images/all-img/about4.png]
[bestwpware.com/html/tf/edumim/assets/images/svg/check.svg]
[bestwpware.com/html/tf/edumim/assets/images/svg/calender2.svg]
[bestwpware.com/html/tf/edumim/assets/images/svg/clock2.svg]
[bestwpware.com/html/tf/edumim/assets/images/logo/footer-logo-2.svg]
[bestwpware.com/html/tf/edumim/assets/images/all-img/ins-1.png]
[bestwpware.com/html/tf/edumim/assets/images/all-img/ins-2.png]
[bestwpware.com/html/tf/edumim/assets/images/all-img/ins-3.png]
[bestwpware.com/html/tf/edumim/assets/images/all-img/ins-4.png]
[bestwpware.com/html/tf/edumim/assets/images/all-img/ins-5.png]
[bestwpware.com/html/tf/edumim/assets/images/all-img/ins-6.png]
[bestwpware.com/html/tf/edumim/index2.html]
[bestwpware.com/html/tf/edumim/assets/images/banner/man3.png]
[bestwpware.com/html/tf/edumim/assets/images/all-img/brands/b1.svg]
[bestwpware.com/html/tf/edumim/assets/images/all-img/brands/b2.svg]
[bestwpware.com/html/tf/edumim/assets/images/all-img/brands/b3.svg]
[bestwpware.com/html/tf/edumim/assets/images/all-img/brands/b4.svg]
[bestwpware.com/html/tf/edumim/assets/images/all-img/brands/b5.svg]
[bestwpware.com/html/tf/edumim/assets/images/icon/h.svg]
[bestwpware.com/html/tf/edumim/assets/images/all-img/about5.png]
[bestwpware.com/html/tf/edumim/assets/images/icon/video.svg]
[bestwpware.com/html/tf/edumim/assets/images/icon/web-white.svg]
[bestwpware.com/html/tf/edumim/assets/images/all-img/c7.png]
[bestwpware.com/html/tf/edumim/assets/images/all-img/c8.png]
[bestwpware.com/html/tf/edumim/assets/images/all-img/c9.png]
[bestwpware.com/html/tf/edumim/assets/images/all-img/c10.png]
[bestwpware.com/html/tf/edumim/assets/images/all-img/c11.png]
[bestwpware.com/html/tf/edumim/assets/images/all-img/team5.png]
[bestwpware.com/html/tf/edumim/assets/images/all-img/team6.png]
[bestwpware.com/html/tf/edumim/assets/images/all-img/team7.png]
[bestwpware.com/html/tf/edumim/assets/images/all-img/team8.png]
[bestwpware.com/html/tf/edumim/assets/images/all-img/t1.png]
[bestwpware.com/html/tf/edumim/assets/images/all-img/e1.png]
[bestwpware.com/html/tf/edumim/assets/images/all-img/e2.png]
[bestwpware.com/html/tf/edumim/assets/images/all-img/e3.png]
[bestwpware.com/html/tf/edumim/index3.html]
[bestwpware.com/html/tf/edumim/assets/images/all-img/faq.png]
[bestwpware.com/html/tf/edumim/about.html]
[bestwpware.com/html/tf/edumim/about2.html]
[bestwpware.com/html/tf/edumim/instructor.html]
[bestwpware.com/html/tf/edumim/assets/images/all-img/team9.png]
[bestwpware.com/html/tf/edumim/assets/images/all-img/team10.png]
[bestwpware.com/html/tf/edumim/assets/images/all-img/team11.png]
[bestwpware.com/html/tf/edumim/assets/images/all-img/team12.png]
[bestwpware.com/html/tf/edumim/instructor2.html]
[bestwpware.com/html/tf/edumim/instructor-details.html]
[bestwpware.com/html/tf/edumim/assets/images/all-img/single-ins.png]
[bestwpware.com/html/tf/edumim/assets/images/all-img/e4.png]
[bestwpware.com/html/tf/edumim/assets/images/all-img/e5.png]
[bestwpware.com/html/tf/edumim/assets/images/all-img/e6.png]
[bestwpware.com/html/tf/edumim/assets/images/all-img/e7.png]
[bestwpware.com/html/tf/edumim/assets/images/all-img/e8.png]
[bestwpware.com/html/tf/edumim/assets/images/all-img/e9.png]
[bestwpware.com/html/tf/edumim/event.html]
[bestwpware.com/html/tf/edumim/assets/images/all-img/main-event.png]
[bestwpware.com/html/tf/edumim/assets/images/svg/circle-clock.svg]
[bestwpware.com/html/tf/edumim/assets/images/svg/circle-c.svg]
[bestwpware.com/html/tf/edumim/assets/images/all-img/rc-1.png]
[bestwpware.com/html/tf/edumim/assets/images/all-img/rc-2.png]
[bestwpware.com/html/tf/edumim/event-single.html]
[bestwpware.com/html/tf/edumim/404.html]
[bestwpware.com/html/tf/edumim/courses.html]
[bestwpware.com/html/tf/edumim/assets/images/all-img/404.svg]
[bestwpware.com/html/tf/edumim/assets/images/icon/search.svg]
[bestwpware.com/html/tf/edumim/assets/images/icon/white-check.svg]
[bestwpware.com/html/tf/edumim/assets/images/svg/rating-1.svg]
[bestwpware.com/html/tf/edumim/assets/images/svg/rating-2.svg]
[bestwpware.com/html/tf/edumim/assets/images/svg/rating-3.svg]
[bestwpware.com/html/tf/edumim/assets/images/svg/rating-4.svg]
[bestwpware.com/html/tf/edumim/assets/images/svg/rating-5.svg]
[bestwpware.com/html/tf/edumim/courses-sidebar.html]
[bestwpware.com/html/tf/edumim/assets/images/all-img/single-course-thumb.png]
[bestwpware.com/html/tf/edumim/assets/images/all-img/author-1.png]
[bestwpware.com/html/tf/edumim/assets/images/icon/ck.svg]
[bestwpware.com/html/tf/edumim/assets/images/icon/laptop.svg]
[bestwpware.com/html/tf/edumim/assets/images/icon/pencil.svg]
[bestwpware.com/html/tf/edumim/assets/images/icon/wifi.svg]
[bestwpware.com/html/tf/edumim/assets/images/icon/camera.svg]
[bestwpware.com/html/tf/edumim/assets/images/icon/lock.svg]
[bestwpware.com/html/tf/edumim/assets/images/icon/headphone.svg]
[bestwpware.com/html/tf/edumim/assets/images/icon/file.svg]
[bestwpware.com/html/tf/edumim/assets/images/all-img/ux.png]
[bestwpware.com/html/tf/edumim/assets/images/icon/file2.svg]
[bestwpware.com/html/tf/edumim/assets/images/icon/user2.svg]
[bestwpware.com/html/tf/edumim/assets/images/icon/star.svg]
[bestwpware.com/html/tf/edumim/assets/images/icon/like.svg]
[bestwpware.com/html/tf/edumim/assets/images/social/fb.svg]
[bestwpware.com/html/tf/edumim/assets/images/social/ln.svg]
[bestwpware.com/html/tf/edumim/assets/images/social/youtube.svg]
[bestwpware.com/html/tf/edumim/assets/images/social/instra.svg]
[bestwpware.com/html/tf/edumim/assets/images/social/twiiter.svg]
[bestwpware.com/html/tf/edumim/assets/images/all-img/cmnt-1.png]
[bestwpware.com/html/tf/edumim/assets/images/all-img/cmnt-2.png]
[bestwpware.com/html/tf/edumim/assets/images/all-img/thumb.png]
[bestwpware.com/html/tf/edumim/assets/images/svg/play.svg]
[bestwpware.com/html/tf/edumim/assets/images/icon/user.svg]
[bestwpware.com/html/tf/edumim/assets/images/icon/clock.svg]
[bestwpware.com/html/tf/edumim/assets/images/icon/target.svg]
[bestwpware.com/html/tf/edumim/assets/images/icon/web.svg]
[bestwpware.com/html/tf/edumim/assets/images/all-img/rc-3.png]
[bestwpware.com/html/tf/edumim/single-course.html]
[bestwpware.com/html/tf/edumim/assets/images/all-img/blog-4.png]
[bestwpware.com/html/tf/edumim/assets/images/all-img/blog-5.png]
[bestwpware.com/html/tf/edumim/assets/images/all-img/blog-6.png]
[bestwpware.com/html/tf/edumim/assets/images/all-img/blog-7.png]
[bestwpware.com/html/tf/edumim/assets/images/all-img/blog-8.png]
[bestwpware.com/html/tf/edumim/assets/images/all-img/blog-9.png]
[bestwpware.com/html/tf/edumim/blog.html]
[bestwpware.com/html/tf/edumim/blog-full.html]
[bestwpware.com/html/tf/edumim/assets/images/all-img/blog-10.png]
[bestwpware.com/html/tf/edumim/assets/images/all-img/b-thub-1.png]
[bestwpware.com/html/tf/edumim/assets/images/all-img/b-thumb-2.png]
[bestwpware.com/html/tf/edumim/blog-standard.html]
[bestwpware.com/html/tf/edumim/assets/images/all-img/b-thub-3.png]
[bestwpware.com/html/tf/edumim/assets/images/all-img/b-s-1.png]
[bestwpware.com/html/tf/edumim/assets/images/svg/user3.svg]
[bestwpware.com/html/tf/edumim/assets/images/svg/comments.svg]
[bestwpware.com/html/tf/edumim/assets/images/svg/q.svg]
[bestwpware.com/html/tf/edumim/assets/images/all-img/b-s-2.png]
[bestwpware.com/html/tf/edumim/assets/images/all-img/b-s-3.png]
[bestwpware.com/html/tf/edumim/blog-single.html]
[bestwpware.com/html/tf/edumim/assets/images/svg/mail.svg]
[bestwpware.com/html/tf/edumim/assets/images/svg/call.svg]
[bestwpware.com/html/tf/edumim/assets/images/svg/map.svg]
[bestwpware.com/html/tf/edumim/contact.html]
[bestwpware.com/html/tf/edumim/assets/images/icon/fb.svg]
[bestwpware.com/html/tf/edumim/assets/images/icon/tw.svg]
[bestwpware.com/html/tf/edumim/assets/images/icon/pn.svg]
[bestwpware.com/html/tf/edumim/assets/images/icon/ins.svg]
[bestwpware.com/html/tf/edumim/assets/images/icon/mail.svg]
[bestwpware.com/html/tf/edumim/assets/images/svg/light.svg]
[bestwpware.com/html/tf/edumim/assets/images/svg/target.svg]
[bestwpware.com/html/tf/edumim/assets/images/all-img/brands/1.svg]
[bestwpware.com/html/tf/edumim/assets/images/all-img/brands/2.svg]
[bestwpware.com/html/tf/edumim/assets/images/all-img/brands/3.svg]
[bestwpware.com/html/tf/edumim/assets/images/all-img/brands/4.svg]
[bestwpware.com/html/tf/edumim/assets/images/all-img/brands/5.svg]
[bestwpware.com/html/tf/edumim/assets/images/svg/file.svg]
[bestwpware.com/html/tf/edumim/assets/images/svg/clock.svg]
[bestwpware.com/html/tf/edumim/assets/images/svg/star.svg]
[bestwpware.com/html/tf/edumim/assets/images/svg/ok.svg]
[bestwpware.com/html/tf/edumim/assets/images/svg/big-mail.svg]
[bestwpware.com/html/tf/edumim/assets/images/icon/mail-white.html]
[bestwpware.com/html/tf/edumim/assets/images/icon/t1.svg]
[bestwpware.com/html/tf/edumim/assets/images/icon/t2.svg]
[bestwpware.com/html/tf/edumim/assets/images/icon/t3.svg]
[bestwpware.com/html/tf/edumim/assets/images/icon/t4.svg]
[bestwpware.com/html/tf/edumim/assets/images/icon/t5.svg]
[bestwpware.com/html/tf/edumim/assets/images/icon/t6.svg]
[bestwpware.com/html/tf/edumim/assets/images/icon/t7.svg]
[bestwpware.com/html/tf/edumim/assets/images/icon/t8.svg]
[bestwpware.com/html/tf/edumim/assets/images/svg/admin.svg]
[bestwpware.com/html/tf/edumim/assets/images/svg/calender.svg]
[bestwpware.com/html/tf/edumim/assets/images/logo/footer-logo.svg]
[bestwpware.com/html/tf/edumim/assets/images/svg/line-shape.svg]
[bestwpware.com/html/tf/edumim/assets/images/svg/mini-shape.svg]
[bestwpware.com/html/tf/edumim/assets/images/banner/shape.svg]
[bestwpware.com/html/tf/edumim/assets/images/social/wfb.svg]
[bestwpware.com/html/tf/edumim/assets/images/social/wt.svg]
[bestwpware.com/html/tf/edumim/assets/images/social/w-i.svg]
[bestwpware.com/html/tf/edumim/assets/images/social/w-ins.svg]
[bestwpware.com/html/tf/edumim/assets/images/svg/search.svg]
[bestwpware.com/html/tf/edumim/assets/images/icon/ct1.svg]
[bestwpware.com/html/tf/edumim/assets/images/icon/ct2.svg]
[bestwpware.com/html/tf/edumim/assets/images/icon/ct3.svg]
[bestwpware.com/html/tf/edumim/assets/images/icon/ct4.svg]
[bestwpware.com/html/tf/edumim/assets/images/icon/ct5.svg]
[bestwpware.com/html/tf/edumim/assets/images/icon/ct6.svg]
[bestwpware.com/html/tf/edumim/assets/images/svg/review.svg]
[bestwpware.com/html/tf/edumim/assets/images/svg/file2.svg]
[bestwpware.com/html/tf/edumim/assets/images/svg/user2.svg]
[bestwpware.com/html/tf/edumim/assets/images/icon/counter-1.svg]
[bestwpware.com/html/tf/edumim/assets/images/icon/counter-2.svg]
[bestwpware.com/html/tf/edumim/assets/images/icon/counter-3.svg]
[bestwpware.com/html/tf/edumim/assets/images/icon/counter-4.svg]
[bestwpware.com/html/tf/edumim/assets/images/svg/mini-target.svg]
[bestwpware.com/html/tf/edumim/assets/images/svg/mini-heart.svg]
[bestwpware.com/html/tf/edumim/assets/images/svg/check.svg]
[bestwpware.com/html/tf/edumim/assets/images/svg/calender2.svg]
[bestwpware.com/html/tf/edumim/assets/images/svg/clock2.svg]
[bestwpware.com/html/tf/edumim/assets/images/logo/footer-logo-2.svg]
[bestwpware.com/html/tf/edumim/assets/images/all-img/brands/b1.svg]
[bestwpware.com/html/tf/edumim/assets/images/all-img/brands/b2.svg]
[bestwpware.com/html/tf/edumim/assets/images/all-img/brands/b3.svg]
[bestwpware.com/html/tf/edumim/assets/images/all-img/brands/b4.svg]
[bestwpware.com/html/tf/edumim/assets/images/all-img/brands/b5.svg]
[bestwpware.com/html/tf/edumim/assets/images/icon/h.svg]
[bestwpware.com/html/tf/edumim/assets/images/icon/video.svg]
[bestwpware.com/html/tf/edumim/assets/images/icon/web-white.svg]
[bestwpware.com/html/tf/edumim/assets/images/svg/circle-clock.svg]
[bestwpware.com/html/tf/edumim/assets/images/svg/circle-c.svg]
[bestwpware.com/html/tf/edumim/assets/images/all-img/404.svg]
[bestwpware.com/html/tf/edumim/assets/images/icon/search.svg]
[bestwpware.com/html/tf/edumim/assets/images/icon/white-check.svg]
[bestwpware.com/html/tf/edumim/assets/images/svg/rating-1.svg]
[bestwpware.com/html/tf/edumim/assets/images/svg/rating-2.svg]
[bestwpware.com/html/tf/edumim/assets/images/svg/rating-3.svg]
[bestwpware.com/html/tf/edumim/assets/images/svg/rating-4.svg]
[bestwpware.com/html/tf/edumim/assets/images/svg/rating-5.svg]
[bestwpware.com/html/tf/edumim/assets/images/icon/ck.svg]
[bestwpware.com/html/tf/edumim/assets/images/icon/laptop.svg]
[bestwpware.com/html/tf/edumim/assets/images/icon/pencil.svg]
[bestwpware.com/html/tf/edumim/assets/images/icon/wifi.svg]
[bestwpware.com/html/tf/edumim/assets/images/icon/camera.svg]
[bestwpware.com/html/tf/edumim/assets/images/icon/lock.svg]
[bestwpware.com/html/tf/edumim/assets/images/icon/headphone.svg]
[bestwpware.com/html/tf/edumim/assets/images/icon/file.svg]
[bestwpware.com/html/tf/edumim/assets/images/icon/file2.svg]
[bestwpware.com/html/tf/edumim/assets/images/icon/user2.svg]
[bestwpware.com/html/tf/edumim/assets/images/icon/star.svg]
[bestwpware.com/html/tf/edumim/assets/images/icon/like.svg]
[bestwpware.com/html/tf/edumim/assets/images/social/fb.svg]
[bestwpware.com/html/tf/edumim/assets/images/social/ln.svg]
[bestwpware.com/html/tf/edumim/assets/images/social/youtube.svg]
[bestwpware.com/html/tf/edumim/assets/images/social/instra.svg]
[bestwpware.com/html/tf/edumim/assets/images/social/twiiter.svg]
[bestwpware.com/html/tf/edumim/assets/images/svg/play.svg]
[bestwpware.com/html/tf/edumim/assets/images/icon/user.svg]
[bestwpware.com/html/tf/edumim/assets/images/icon/clock.svg]
[bestwpware.com/html/tf/edumim/assets/images/icon/target.svg]
[bestwpware.com/html/tf/edumim/assets/images/icon/web.svg]
[bestwpware.com/html/tf/edumim/assets/images/svg/user3.svg]
[bestwpware.com/html/tf/edumim/assets/images/svg/comments.svg]
[bestwpware.com/html/tf/edumim/assets/images/svg/q.svg]
[bestwpware.com/html/tf/edumim/assets/images/svg/mail.svg]
[bestwpware.com/html/tf/edumim/assets/images/svg/call.svg]
[bestwpware.com/html/tf/edumim/assets/images/svg/map.svg]
